Loaded config from config.json
Collecting source files...
Collected 28 source files.
Found 22 Java files.
Initializing LLMSQLExtractor with provider: watsonx_ai
Extracting SQL from first 3 files...

Extraction Results (1 files produced output):

File: C:\Users\hypot\Works\book-ssm\src\com\mybatis\beans\Book.java
  - ID: no_sql_queries_found
    Type: N/A
    SQL: 
